// Jest Snapshot v1, https://goo.gl/fbAQLP

exports[`renders homepage unchanged 1`] = `
Array [
  <label
    htmlFor="searchinput"
  >
    <input
      id="searchinput"
      onBlur={[Function]}
      type="input"
    />
  </label>,
  <button
    className="Button-yv4lcu-0 dsiMRt"
    onClick={[Function]}
    type="button"
  >
    search
  </button>,
  <div
    className="Grid-sc-1ab17ja-0 hwdjSK"
  />,
  <label
    className="FormFileInput__InputWrapper-okda05-1 esAXVm"
    htmlFor="uploadImage"
  >
    Upload
    <input
      accept="image/jpeg,image/png"
      className="FormFileInput__HiddenInput-okda05-0 bHxaZo"
      id="uploadImage"
      onChange={[Function]}
      type="file"
    />
  </label>,
]
`;
